../Core/Src/main.c:106:6:pid_config	8	static
../Core/Src/main.c:139:5:main	8	static
../Core/Src/main.c:258:6:SystemClock_Config	88	static
../Core/Src/main.c:305:13:MX_TIM1_Init	56	static
../Core/Src/main.c:355:13:MX_TIM3_Init	56	static
../Core/Src/main.c:404:13:MX_TIM4_Init	56	static
../Core/Src/main.c:453:13:MX_TIM5_Init	64	static
../Core/Src/main.c:516:13:MX_TIM9_Init	56	static
../Core/Src/main.c:568:13:MX_UART5_Init	8	static
../Core/Src/main.c:601:13:MX_GPIO_Init	48	static
../Core/Src/main.c:629:6:Control	24	static
../Core/Src/main.c:697:6:StartControl	32	static
../Core/Src/main.c:733:6:StartPID	16	static
../Core/Src/main.c:755:6:HAL_TIM_PeriodElapsedCallback	16	static
../Core/Src/main.c:772:6:Error_Handler	4	static,ignoring_inline_asm
