../Core/Src/main.c:106:6:pid_config	8	static
../Core/Src/main.c:139:5:main	8	static
../Core/Src/main.c:259:6:SystemClock_Config	88	static
../Core/Src/main.c:306:13:MX_I2C1_Init	8	static
../Core/Src/main.c:340:13:MX_TIM1_Init	56	static
../Core/Src/main.c:390:13:MX_TIM3_Init	56	static
../Core/Src/main.c:439:13:MX_TIM4_Init	56	static
../Core/Src/main.c:488:13:MX_TIM5_Init	64	static
../Core/Src/main.c:551:13:MX_TIM9_Init	56	static
../Core/Src/main.c:603:13:MX_UART5_Init	8	static
../Core/Src/main.c:636:13:MX_GPIO_Init	56	static
../Core/Src/main.c:665:6:Control	24	static
../Core/Src/main.c:728:6:StartControl	32	static
../Core/Src/main.c:781:6:StartPID	16	static
../Core/Src/main.c:803:6:HAL_TIM_PeriodElapsedCallback	16	static
../Core/Src/main.c:820:6:Error_Handler	4	static,ignoring_inline_asm
